Component: ARM Compiler 5.06 update 2 (build 183) Tool: armlink [4d35b7]

==============================================================================

Section Cross References

    stm32f10x.o(RESET) refers to stm32f10x.o(STACK) for __initial_sp
    stm32f10x.o(RESET) refers to stm32f10x.o(.text) for Reset_Handler
    stm32f10x.o(RESET) refers to port.o(.emb_text) for vPortSVCHandler
    stm32f10x.o(RESET) refers to port.o(.text) for xPortSysTickHandler
    stm32f10x.o(RESET) refers to serial.o(.text) for vUARTInterruptHandler
    stm32f10x.o(.text) refers to entry.o(.ARM.Collect$$$$00000000) for __main
    stm32f10x_gpio.o(.text) refers to stm32f10x_rcc.o(.text) for RCC_APB2PeriphResetCmd
    stm32f10x_nvic.o(.text) refers to cortexm3_macro_rvds.o(.text) for __SETPRIMASK
    stm32f10x_rcc.o(.text) refers to stm32f10x_rcc.o(.constdata) for APBAHBPrescTable
    stm32f10x_spi.o(.text) refers to stm32f10x_rcc.o(.text) for RCC_APB2PeriphResetCmd
    stm32f10x_tim.o(.text) refers to stm32f10x_rcc.o(.text) for RCC_APB1PeriphResetCmd
    stm32f10x_tim.o(.text) refers to stm32f10x_tim.o(.constdata) for Tab_OCModeMask
    stm32f10x_usart.o(.text) refers to stm32f10x_rcc.o(.text) for RCC_APB2PeriphResetCmd
    main.o(.text) refers to tasks.o(.text) for xTaskGetTickCount
    main.o(.text) refers to ffltui.o(.text) for __aeabi_ui2f
    main.o(.text) refers to fdiv.o(.text) for __aeabi_fdiv
    main.o(.text) refers to f2d.o(.text) for __aeabi_f2d
    main.o(.text) refers to printfa.o(i.__0printf) for __2printf
    main.o(.text) refers to setup.o(.text) for prvSetupHardware
    main.o(.text) refers to main.o(.data) for Time
    setup.o(.text) refers to stm32f10x_rcc.o(.text) for RCC_DeInit
    setup.o(.text) refers to stm32f10x_nvic.o(.text) for NVIC_SetVectorTable
    setup.o(.text) refers to stm32f10x_systick.o(.text) for SysTick_CLKSourceConfig
    setup.o(.text) refers to serial.o(.text) for xSerialPortInitMinimal
    setup.o(.text) refers to printfa.o(i.__0printf) for __2printf
    setup.o(.text) refers to setup.o(.data) for xPort
    heap_2.o(.text) refers to tasks.o(.text) for vTaskSuspendAll
    heap_2.o(.text) refers to heap_2.o(.data) for xHeapHasBeenInitialised
    heap_2.o(.text) refers to heap_2.o(.bss) for xHeap
    port.o(.emb_text) refers to tasks.o(.text) for vTaskSwitchContext
    port.o(.emb_text) refers to tasks.o(.data) for pxCurrentTCB
    port.o(.text) refers to port.o(.emb_text) for vPortStartFirstTask
    port.o(.text) refers to tasks.o(.text) for vTaskIncrementTick
    port.o(.text) refers to port.o(.data) for uxCriticalNesting
    queue.o(.text) refers to heap_2.o(.text) for pvPortMalloc
    queue.o(.text) refers to list.o(.text) for vListInitialise
    queue.o(.text) refers to port.o(.text) for vPortEnterCritical
    queue.o(.text) refers to tasks.o(.text) for xTaskRemoveFromEventList
    queue.o(.text) refers to memcpya.o(.text) for __aeabi_memcpy
    queue.o(.text) refers to port.o(.emb_text) for vPortSetInterruptMask
    tasks.o(.text) refers to list.o(.text) for vListInitialise
    tasks.o(.text) refers to strncpy.o(.text) for strncpy
    tasks.o(.text) refers to heap_2.o(.text) for pvPortMalloc
    tasks.o(.text) refers to memseta.o(.text) for __aeabi_memset
    tasks.o(.text) refers to port.o(.text) for pxPortInitialiseStack
    tasks.o(.text) refers to tasks.o(.bss) for pxReadyTasksLists
    tasks.o(.text) refers to tasks.o(.data) for pxDelayedTaskList
    tasks.o(.text) refers to port.o(.emb_text) for vPortSetInterruptMask
    serial.o(.text) refers to queue.o(.text) for xQueueCreate
    serial.o(.text) refers to stm32f10x_rcc.o(.text) for RCC_APB2PeriphClockCmd
    serial.o(.text) refers to stm32f10x_gpio.o(.text) for GPIO_Init
    serial.o(.text) refers to stm32f10x_usart.o(.text) for USART_Init
    serial.o(.text) refers to stm32f10x_nvic.o(.text) for NVIC_Init
    serial.o(.text) refers to port.o(.text) for vPortYieldFromISR
    serial.o(.text) refers to serial.o(.data) for xRxedChars
    entry.o(.ARM.Collect$$$$00000000) refers (Special) to entry10a.o(.ARM.Collect$$$$0000000D) for __rt_final_cpp
    entry.o(.ARM.Collect$$$$00000000) refers (Special) to entry11a.o(.ARM.Collect$$$$0000000F) for __rt_final_exit
    entry.o(.ARM.Collect$$$$00000000) refers (Special) to entry7b.o(.ARM.Collect$$$$00000008) for _main_clock
    entry.o(.ARM.Collect$$$$00000000) refers (Special) to entry8b.o(.ARM.Collect$$$$0000000A) for _main_cpp_init
    entry.o(.ARM.Collect$$$$00000000) refers (Special) to entry9a.o(.ARM.Collect$$$$0000000B) for _main_init
    entry.o(.ARM.Collect$$$$00000000) refers (Special) to entry5.o(.ARM.Collect$$$$00000004) for _main_scatterload
    entry.o(.ARM.Collect$$$$00000000) refers (Special) to entry2.o(.ARM.Collect$$$$00000001) for _main_stk
    printfb.o(i.__0fprintf$bare) refers to printfb.o(i._printf_core) for _printf_core
    printfb.o(i.__0fprintf$bare) refers to setup.o(.text) for fputc
    printfb.o(i.__0printf$bare) refers to printfb.o(i._printf_core) for _printf_core
    printfb.o(i.__0printf$bare) refers to setup.o(.text) for fputc
    printfb.o(i.__0printf$bare) refers to stdout.o(.data) for __stdout
    printfb.o(i.__0snprintf$bare) refers to printfb.o(i._printf_core) for _printf_core
    printfb.o(i.__0snprintf$bare) refers to printfb.o(i._snputc) for _snputc
    printfb.o(i.__0sprintf$bare) refers to printfb.o(i._printf_core) for _printf_core
    printfb.o(i.__0sprintf$bare) refers to printfb.o(i._sputc) for _sputc
    printfb.o(i.__0vfprintf$bare) refers to printfb.o(i._printf_core) for _printf_core
    printfb.o(i.__0vfprintf$bare) refers to setup.o(.text) for fputc
    printfb.o(i.__0vprintf$bare) refers to printfb.o(i._printf_core) for _printf_core
    printfb.o(i.__0vprintf$bare) refers to setup.o(.text) for fputc
    printfb.o(i.__0vprintf$bare) refers to stdout.o(.data) for __stdout
    printfb.o(i.__0vsnprintf$bare) refers to printfb.o(i._printf_core) for _printf_core
    printfb.o(i.__0vsnprintf$bare) refers to printfb.o(i._snputc) for _snputc
    printfb.o(i.__0vsprintf$bare) refers to printfb.o(i._printf_core) for _printf_core
    printfb.o(i.__0vsprintf$bare) refers to printfb.o(i._sputc) for _sputc
    printf0.o(i.__0fprintf$0) refers to printf0.o(i._printf_core) for _printf_core
    printf0.o(i.__0fprintf$0) refers to setup.o(.text) for fputc
    printf0.o(i.__0printf$0) refers to printf0.o(i._printf_core) for _printf_core
    printf0.o(i.__0printf$0) refers to setup.o(.text) for fputc
    printf0.o(i.__0printf$0) refers to stdout.o(.data) for __stdout
    printf0.o(i.__0snprintf$0) refers to printf0.o(i._printf_core) for _printf_core
    printf0.o(i.__0snprintf$0) refers to printf0.o(i._snputc) for _snputc
    printf0.o(i.__0sprintf$0) refers to printf0.o(i._printf_core) for _printf_core
    printf0.o(i.__0sprintf$0) refers to printf0.o(i._sputc) for _sputc
    printf0.o(i.__0vfprintf$0) refers to printf0.o(i._printf_core) for _printf_core
    printf0.o(i.__0vfprintf$0) refers to setup.o(.text) for fputc
    printf0.o(i.__0vprintf$0) refers to printf0.o(i._printf_core) for _printf_core
    printf0.o(i.__0vprintf$0) refers to setup.o(.text) for fputc
    printf0.o(i.__0vprintf$0) refers to stdout.o(.data) for __stdout
    printf0.o(i.__0vsnprintf$0) refers to printf0.o(i._printf_core) for _printf_core
    printf0.o(i.__0vsnprintf$0) refers to printf0.o(i._snputc) for _snputc
    printf0.o(i.__0vsprintf$0) refers to printf0.o(i._printf_core) for _printf_core
    printf0.o(i.__0vsprintf$0) refers to printf0.o(i._sputc) for _sputc
    printf1.o(i.__0fprintf$1) refers to printf1.o(i._printf_core) for _printf_core
    printf1.o(i.__0fprintf$1) refers to setup.o(.text) for fputc
    printf1.o(i.__0printf$1) refers to printf1.o(i._printf_core) for _printf_core
    printf1.o(i.__0printf$1) refers to setup.o(.text) for fputc
    printf1.o(i.__0printf$1) refers to stdout.o(.data) for __stdout
    printf1.o(i.__0snprintf$1) refers to printf1.o(i._printf_core) for _printf_core
    printf1.o(i.__0snprintf$1) refers to printf1.o(i._snputc) for _snputc
    printf1.o(i.__0sprintf$1) refers to printf1.o(i._printf_core) for _printf_core
    printf1.o(i.__0sprintf$1) refers to printf1.o(i._sputc) for _sputc
    printf1.o(i.__0vfprintf$1) refers to printf1.o(i._printf_core) for _printf_core
    printf1.o(i.__0vfprintf$1) refers to setup.o(.text) for fputc
    printf1.o(i.__0vprintf$1) refers to printf1.o(i._printf_core) for _printf_core
    printf1.o(i.__0vprintf$1) refers to setup.o(.text) for fputc
    printf1.o(i.__0vprintf$1) refers to stdout.o(.data) for __stdout
    printf1.o(i.__0vsnprintf$1) refers to printf1.o(i._printf_core) for _printf_core
    printf1.o(i.__0vsnprintf$1) refers to printf1.o(i._snputc) for _snputc
    printf1.o(i.__0vsprintf$1) refers to printf1.o(i._printf_core) for _printf_core
    printf1.o(i.__0vsprintf$1) refers to printf1.o(i._sputc) for _sputc
    printf1.o(i._printf_core) refers to uidiv.o(.text) for __aeabi_uidivmod
    printf2.o(i.__0fprintf$2) refers to printf2.o(i._printf_core) for _printf_core
    printf2.o(i.__0fprintf$2) refers to setup.o(.text) for fputc
    printf2.o(i.__0printf$2) refers to printf2.o(i._printf_core) for _printf_core
    printf2.o(i.__0printf$2) refers to setup.o(.text) for fputc
    printf2.o(i.__0printf$2) refers to stdout.o(.data) for __stdout
    printf2.o(i.__0snprintf$2) refers to printf2.o(i._printf_core) for _printf_core
    printf2.o(i.__0snprintf$2) refers to printf2.o(i._snputc) for _snputc
    printf2.o(i.__0sprintf$2) refers to printf2.o(i._printf_core) for _printf_core
    printf2.o(i.__0sprintf$2) refers to printf2.o(i._sputc) for _sputc
    printf2.o(i.__0vfprintf$2) refers to printf2.o(i._printf_core) for _printf_core
    printf2.o(i.__0vfprintf$2) refers to setup.o(.text) for fputc
    printf2.o(i.__0vprintf$2) refers to printf2.o(i._printf_core) for _printf_core
    printf2.o(i.__0vprintf$2) refers to setup.o(.text) for fputc
    printf2.o(i.__0vprintf$2) refers to stdout.o(.data) for __stdout
    printf2.o(i.__0vsnprintf$2) refers to printf2.o(i._printf_core) for _printf_core
    printf2.o(i.__0vsnprintf$2) refers to printf2.o(i._snputc) for _snputc
    printf2.o(i.__0vsprintf$2) refers to printf2.o(i._printf_core) for _printf_core
    printf2.o(i.__0vsprintf$2) refers to printf2.o(i._sputc) for _sputc
    printf3.o(i.__0fprintf$3) refers to printf3.o(i._printf_core) for _printf_core
    printf3.o(i.__0fprintf$3) refers to setup.o(.text) for fputc
    printf3.o(i.__0printf$3) refers to printf3.o(i._printf_core) for _printf_core
    printf3.o(i.__0printf$3) refers to setup.o(.text) for fputc
    printf3.o(i.__0printf$3) refers to stdout.o(.data) for __stdout
    printf3.o(i.__0snprintf$3) refers to printf3.o(i._printf_core) for _printf_core
    printf3.o(i.__0snprintf$3) refers to printf3.o(i._snputc) for _snputc
    printf3.o(i.__0sprintf$3) refers to printf3.o(i._printf_core) for _printf_core
    printf3.o(i.__0sprintf$3) refers to printf3.o(i._sputc) for _sputc
    printf3.o(i.__0vfprintf$3) refers to printf3.o(i._printf_core) for _printf_core
    printf3.o(i.__0vfprintf$3) refers to setup.o(.text) for fputc
    printf3.o(i.__0vprintf$3) refers to printf3.o(i._printf_core) for _printf_core
    printf3.o(i.__0vprintf$3) refers to setup.o(.text) for fputc
    printf3.o(i.__0vprintf$3) refers to stdout.o(.data) for __stdout
    printf3.o(i.__0vsnprintf$3) refers to printf3.o(i._printf_core) for _printf_core
    printf3.o(i.__0vsnprintf$3) refers to printf3.o(i._snputc) for _snputc
    printf3.o(i.__0vsprintf$3) refers to printf3.o(i._printf_core) for _printf_core
    printf3.o(i.__0vsprintf$3) refers to printf3.o(i._sputc) for _sputc
    printf3.o(i._printf_core) refers to uidiv.o(.text) for __aeabi_uidivmod
    printf4.o(i.__0fprintf$4) refers to printf4.o(i._printf_core) for _printf_core
    printf4.o(i.__0fprintf$4) refers to setup.o(.text) for fputc
    printf4.o(i.__0printf$4) refers to printf4.o(i._printf_core) for _printf_core
    printf4.o(i.__0printf$4) refers to setup.o(.text) for fputc
    printf4.o(i.__0printf$4) refers to stdout.o(.data) for __stdout
    printf4.o(i.__0snprintf$4) refers to printf4.o(i._printf_core) for _printf_core
    printf4.o(i.__0snprintf$4) refers to printf4.o(i._snputc) for _snputc
    printf4.o(i.__0sprintf$4) refers to printf4.o(i._printf_core) for _printf_core
    printf4.o(i.__0sprintf$4) refers to printf4.o(i._sputc) for _sputc
    printf4.o(i.__0vfprintf$4) refers to printf4.o(i._printf_core) for _printf_core
    printf4.o(i.__0vfprintf$4) refers to setup.o(.text) for fputc
    printf4.o(i.__0vprintf$4) refers to printf4.o(i._printf_core) for _printf_core
    printf4.o(i.__0vprintf$4) refers to setup.o(.text) for fputc
    printf4.o(i.__0vprintf$4) refers to stdout.o(.data) for __stdout
    printf4.o(i.__0vsnprintf$4) refers to printf4.o(i._printf_core) for _printf_core
    printf4.o(i.__0vsnprintf$4) refers to printf4.o(i._snputc) for _snputc
    printf4.o(i.__0vsprintf$4) refers to printf4.o(i._printf_core) for _printf_core
    printf4.o(i.__0vsprintf$4) refers to printf4.o(i._sputc) for _sputc
    printf4.o(i._printf_core) refers to uldiv.o(.text) for __aeabi_uldivmod
    printf5.o(i.__0fprintf$5) refers to printf5.o(i._printf_core) for _printf_core
    printf5.o(i.__0fprintf$5) refers to setup.o(.text) for fputc
    printf5.o(i.__0printf$5) refers to printf5.o(i._printf_core) for _printf_core
    printf5.o(i.__0printf$5) refers to setup.o(.text) for fputc
    printf5.o(i.__0printf$5) refers to stdout.o(.data) for __stdout
    printf5.o(i.__0snprintf$5) refers to printf5.o(i._printf_core) for _printf_core
    printf5.o(i.__0snprintf$5) refers to printf5.o(i._snputc) for _snputc
    printf5.o(i.__0sprintf$5) refers to printf5.o(i._printf_core) for _printf_core
    printf5.o(i.__0sprintf$5) refers to printf5.o(i._sputc) for _sputc
    printf5.o(i.__0vfprintf$5) refers to printf5.o(i._printf_core) for _printf_core
    printf5.o(i.__0vfprintf$5) refers to setup.o(.text) for fputc
    printf5.o(i.__0vprintf$5) refers to printf5.o(i._printf_core) for _printf_core
    printf5.o(i.__0vprintf$5) refers to setup.o(.text) for fputc
    printf5.o(i.__0vprintf$5) refers to stdout.o(.data) for __stdout
    printf5.o(i.__0vsnprintf$5) refers to printf5.o(i._printf_core) for _printf_core
    printf5.o(i.__0vsnprintf$5) refers to printf5.o(i._snputc) for _snputc
    printf5.o(i.__0vsprintf$5) refers to printf5.o(i._printf_core) for _printf_core
    printf5.o(i.__0vsprintf$5) refers to printf5.o(i._sputc) for _sputc
    printf5.o(i._printf_core) refers to uldiv.o(.text) for __aeabi_uldivmod
    printf6.o(i.__0fprintf$6) refers to printf6.o(i._printf_core) for _printf_core
    printf6.o(i.__0fprintf$6) refers to setup.o(.text) for fputc
    printf6.o(i.__0printf$6) refers to printf6.o(i._printf_core) for _printf_core
    printf6.o(i.__0printf$6) refers to setup.o(.text) for fputc
    printf6.o(i.__0printf$6) refers to stdout.o(.data) for __stdout
    printf6.o(i.__0snprintf$6) refers to printf6.o(i._printf_core) for _printf_core
    printf6.o(i.__0snprintf$6) refers to printf6.o(i._snputc) for _snputc
    printf6.o(i.__0sprintf$6) refers to printf6.o(i._printf_core) for _printf_core
    printf6.o(i.__0sprintf$6) refers to printf6.o(i._sputc) for _sputc
    printf6.o(i.__0vfprintf$6) refers to printf6.o(i._printf_core) for _printf_core
    printf6.o(i.__0vfprintf$6) refers to setup.o(.text) for fputc
    printf6.o(i.__0vprintf$6) refers to printf6.o(i._printf_core) for _printf_core
    printf6.o(i.__0vprintf$6) refers to setup.o(.text) for fputc
    printf6.o(i.__0vprintf$6) refers to stdout.o(.data) for __stdout
    printf6.o(i.__0vsnprintf$6) refers to printf6.o(i._printf_core) for _printf_core
    printf6.o(i.__0vsnprintf$6) refers to printf6.o(i._snputc) for _snputc
    printf6.o(i.__0vsprintf$6) refers to printf6.o(i._printf_core) for _printf_core
    printf6.o(i.__0vsprintf$6) refers to printf6.o(i._sputc) for _sputc
    printf6.o(i._printf_core) refers to printf6.o(i._printf_pre_padding) for _printf_pre_padding
    printf6.o(i._printf_core) refers to uidiv.o(.text) for __aeabi_uidivmod
    printf6.o(i._printf_core) refers to printf6.o(i._printf_post_padding) for _printf_post_padding
    printf7.o(i.__0fprintf$7) refers to printf7.o(i._printf_core) for _printf_core
    printf7.o(i.__0fprintf$7) refers to setup.o(.text) for fputc
    printf7.o(i.__0printf$7) refers to printf7.o(i._printf_core) for _printf_core
    printf7.o(i.__0printf$7) refers to setup.o(.text) for fputc
    printf7.o(i.__0printf$7) refers to stdout.o(.data) for __stdout
    printf7.o(i.__0snprintf$7) refers to printf7.o(i._printf_core) for _printf_core
    printf7.o(i.__0snprintf$7) refers to printf7.o(i._snputc) for _snputc
    printf7.o(i.__0sprintf$7) refers to printf7.o(i._printf_core) for _printf_core
    printf7.o(i.__0sprintf$7) refers to printf7.o(i._sputc) for _sputc
    printf7.o(i.__0vfprintf$7) refers to printf7.o(i._printf_core) for _printf_core
    printf7.o(i.__0vfprintf$7) refers to setup.o(.text) for fputc
    printf7.o(i.__0vprintf$7) refers to printf7.o(i._printf_core) for _printf_core
    printf7.o(i.__0vprintf$7) refers to setup.o(.text) for fputc
    printf7.o(i.__0vprintf$7) refers to stdout.o(.data) for __stdout
    printf7.o(i.__0vsnprintf$7) refers to printf7.o(i._printf_core) for _printf_core
    printf7.o(i.__0vsnprintf$7) refers to printf7.o(i._snputc) for _snputc
    printf7.o(i.__0vsprintf$7) refers to printf7.o(i._printf_core) for _printf_core
    printf7.o(i.__0vsprintf$7) refers to printf7.o(i._sputc) for _sputc
    printf7.o(i._printf_core) refers to printf7.o(i._printf_pre_padding) for _printf_pre_padding
    printf7.o(i._printf_core) refers to uldiv.o(.text) for __aeabi_uldivmod
    printf7.o(i._printf_core) refers to printf7.o(i._printf_post_padding) for _printf_post_padding
    printf8.o(i.__0fprintf$8) refers to printf8.o(i._printf_core) for _printf_core
    printf8.o(i.__0fprintf$8) refers to setup.o(.text) for fputc
    printf8.o(i.__0printf$8) refers to printf8.o(i._printf_core) for _printf_core
    printf8.o(i.__0printf$8) refers to setup.o(.text) for fputc
    printf8.o(i.__0printf$8) refers to stdout.o(.data) for __stdout
    printf8.o(i.__0snprintf$8) refers to printf8.o(i._printf_core) for _printf_core
    printf8.o(i.__0snprintf$8) refers to printf8.o(i._snputc) for _snputc
    printf8.o(i.__0sprintf$8) refers to printf8.o(i._printf_core) for _printf_core
    printf8.o(i.__0sprintf$8) refers to printf8.o(i._sputc) for _sputc
    printf8.o(i.__0vfprintf$8) refers to printf8.o(i._printf_core) for _printf_core
    printf8.o(i.__0vfprintf$8) refers to setup.o(.text) for fputc
    printf8.o(i.__0vprintf$8) refers to printf8.o(i._printf_core) for _printf_core
    printf8.o(i.__0vprintf$8) refers to setup.o(.text) for fputc
    printf8.o(i.__0vprintf$8) refers to stdout.o(.data) for __stdout
    printf8.o(i.__0vsnprintf$8) refers to printf8.o(i._printf_core) for _printf_core
    printf8.o(i.__0vsnprintf$8) refers to printf8.o(i._snputc) for _snputc
    printf8.o(i.__0vsprintf$8) refers to printf8.o(i._printf_core) for _printf_core
    printf8.o(i.__0vsprintf$8) refers to printf8.o(i._sputc) for _sputc
    printf8.o(i._printf_core) refers to printf8.o(i._printf_pre_padding) for _printf_pre_padding
    printf8.o(i._printf_core) refers to uldiv.o(.text) for __aeabi_uldivmod
    printf8.o(i._printf_core) refers to printf8.o(i._printf_post_padding) for _printf_post_padding
    printfa.o(i.__0fprintf) refers (Special) to iusefp.o(.text) for __I$use$fp
    printfa.o(i.__0fprintf) refers to printfa.o(i._printf_core) for _printf_core
    printfa.o(i.__0fprintf) refers to setup.o(.text) for fputc
    printfa.o(i.__0printf) refers (Special) to iusefp.o(.text) for __I$use$fp
    printfa.o(i.__0printf) refers to printfa.o(i._printf_core) for _printf_core
    printfa.o(i.__0printf) refers to setup.o(.text) for fputc
    printfa.o(i.__0printf) refers to stdout.o(.data) for __stdout
    printfa.o(i.__0snprintf) refers (Special) to iusefp.o(.text) for __I$use$fp
    printfa.o(i.__0snprintf) refers to printfa.o(i._printf_core) for _printf_core
    printfa.o(i.__0snprintf) refers to printfa.o(i._snputc) for _snputc
    printfa.o(i.__0sprintf) refers (Special) to iusefp.o(.text) for __I$use$fp
    printfa.o(i.__0sprintf) refers to printfa.o(i._printf_core) for _printf_core
    printfa.o(i.__0sprintf) refers to printfa.o(i._sputc) for _sputc
    printfa.o(i.__0vfprintf) refers (Special) to iusefp.o(.text) for __I$use$fp
    printfa.o(i.__0vfprintf) refers to printfa.o(i._printf_core) for _printf_core
    printfa.o(i.__0vfprintf) refers to setup.o(.text) for fputc
    printfa.o(i.__0vprintf) refers (Special) to iusefp.o(.text) for __I$use$fp
    printfa.o(i.__0vprintf) refers to printfa.o(i._printf_core) for _printf_core
    printfa.o(i.__0vprintf) refers to setup.o(.text) for fputc
    printfa.o(i.__0vprintf) refers to stdout.o(.data) for __stdout
    printfa.o(i.__0vsnprintf) refers (Special) to iusefp.o(.text) for __I$use$fp
    printfa.o(i.__0vsnprintf) refers to printfa.o(i._printf_core) for _printf_core
    printfa.o(i.__0vsnprintf) refers to printfa.o(i._snputc) for _snputc
    printfa.o(i.__0vsprintf) refers (Special) to iusefp.o(.text) for __I$use$fp
    printfa.o(i.__0vsprintf) refers to printfa.o(i._printf_core) for _printf_core
    printfa.o(i.__0vsprintf) refers to printfa.o(i._sputc) for _sputc
    printfa.o(i._fp_digits) refers (Special) to iusefp.o(.text) for __I$use$fp
    printfa.o(i._fp_digits) refers to dmul.o(.text) for __aeabi_dmul
    printfa.o(i._fp_digits) refers to ddiv.o(.text) for __aeabi_ddiv
    printfa.o(i._fp_digits) refers to cdrcmple.o(.text) for __aeabi_cdrcmple
    printfa.o(i._fp_digits) refers to dadd.o(.text) for __aeabi_dadd
    printfa.o(i._fp_digits) refers to dfixul.o(.text) for __aeabi_d2ulz
    printfa.o(i._fp_digits) refers to uldiv.o(.text) for __aeabi_uldivmod
    printfa.o(i._printf_core) refers (Special) to iusefp.o(.text) for __I$use$fp
    printfa.o(i._printf_core) refers to printfa.o(i._printf_pre_padding) for _printf_pre_padding
    printfa.o(i._printf_core) refers to uldiv.o(.text) for __aeabi_uldivmod
    printfa.o(i._printf_core) refers to printfa.o(i._printf_post_padding) for _printf_post_padding
    printfa.o(i._printf_core) refers to printfa.o(i._fp_digits) for _fp_digits
    printfa.o(i._printf_core) refers to uidiv.o(.text) for __aeabi_uidivmod
    printfa.o(i._printf_post_padding) refers (Special) to iusefp.o(.text) for __I$use$fp
    printfa.o(i._printf_pre_padding) refers (Special) to iusefp.o(.text) for __I$use$fp
    printfa.o(i._snputc) refers (Special) to iusefp.o(.text) for __I$use$fp
    printfa.o(i._sputc) refers (Special) to iusefp.o(.text) for __I$use$fp
    fdiv.o(.text) refers (Special) to iusefp.o(.text) for __I$use$fp
    fdiv.o(.text) refers to fepilogue.o(.text) for _float_round
    ffltui.o(.text) refers (Special) to iusefp.o(.text) for __I$use$fp
    ffltui.o(.text) refers to fepilogue.o(.text) for _float_epilogue
    f2d.o(.text) refers (Special) to iusefp.o(.text) for __I$use$fp
    entry2.o(.ARM.Collect$$$$00000001) refers to entry2.o(.ARM.Collect$$$$00002712) for __lit__00000000
    entry2.o(.ARM.Collect$$$$00002712) refers to stm32f10x.o(STACK) for __initial_sp
    entry2.o(__vectab_stack_and_reset_area) refers to stm32f10x.o(STACK) for __initial_sp
    entry2.o(__vectab_stack_and_reset_area) refers to entry.o(.ARM.Collect$$$$00000000) for __main
    entry5.o(.ARM.Collect$$$$00000004) refers to init.o(.text) for __scatterload
    entry9a.o(.ARM.Collect$$$$0000000B) refers to main.o(.text) for main
    entry9b.o(.ARM.Collect$$$$0000000C) refers to main.o(.text) for main
    uldiv.o(.text) refers to llushr.o(.text) for __aeabi_llsr
    uldiv.o(.text) refers to llshl.o(.text) for __aeabi_llsl
    dadd.o(.text) refers to llshl.o(.text) for __aeabi_llsl
    dadd.o(.text) refers to llsshr.o(.text) for __aeabi_lasr
    dadd.o(.text) refers to depilogue.o(.text) for _double_epilogue
    dmul.o(.text) refers to depilogue.o(.text) for _double_epilogue
    ddiv.o(.text) refers to depilogue.o(.text) for _double_round
    dfixul.o(.text) refers to llushr.o(.text) for __aeabi_llsr
    dfixul.o(.text) refers to llshl.o(.text) for __aeabi_llsl
    init.o(.text) refers to entry5.o(.ARM.Collect$$$$00000004) for __main_after_scatterload
    depilogue.o(.text) refers to llshl.o(.text) for __aeabi_llsl
    depilogue.o(.text) refers to llushr.o(.text) for __aeabi_llsr


==============================================================================

Removing Unused input sections from the image.

    Removing stm32f10x.o(HEAP), (0 bytes).
    Removing stm32f10x_spi.o(.text), (532 bytes).
    Removing stm32f10x_tim.o(.text), (2148 bytes).
    Removing stm32f10x_tim.o(.constdata), (16 bytes).

4 unused section(s) (total 2696 bytes) removed from the image.

==============================================================================

Image Symbol Table

    Local Symbols

    Symbol Name                              Value     Ov Type        Size  Object(Section)

    ../clib/microlib/division.c              0x00000000   Number         0  uldiv.o ABSOLUTE
    ../clib/microlib/division.c              0x00000000   Number         0  uidiv.o ABSOLUTE
    ../clib/microlib/init/entry.s            0x00000000   Number         0  entry7b.o ABSOLUTE
    ../clib/microlib/init/entry.s            0x00000000   Number         0  entry.o ABSOLUTE
    ../clib/microlib/init/entry.s            0x00000000   Number         0  entry9b.o ABSOLUTE
    ../clib/microlib/init/entry.s            0x00000000   Number         0  entry11b.o ABSOLUTE
    ../clib/microlib/init/entry.s            0x00000000   Number         0  entry10a.o ABSOLUTE
    ../clib/microlib/init/entry.s            0x00000000   Number         0  entry11a.o ABSOLUTE
    ../clib/microlib/init/entry.s            0x00000000   Number         0  entry9a.o ABSOLUTE
    ../clib/microlib/init/entry.s            0x00000000   Number         0  entry8a.o ABSOLUTE
    ../clib/microlib/init/entry.s            0x00000000   Number         0  entry8b.o ABSOLUTE
    ../clib/microlib/init/entry.s            0x00000000   Number         0  entry10b.o ABSOLUTE
    ../clib/microlib/init/entry.s            0x00000000   Number         0  entry2.o ABSOLUTE
    ../clib/microlib/init/entry.s            0x00000000   Number         0  entry5.o ABSOLUTE
    ../clib/microlib/init/entry.s            0x00000000   Number         0  entry7a.o ABSOLUTE
    ../clib/microlib/longlong.c              0x00000000   Number         0  llsshr.o ABSOLUTE
    ../clib/microlib/longlong.c              0x00000000   Number         0  llushr.o ABSOLUTE
    ../clib/microlib/longlong.c              0x00000000   Number         0  llshl.o ABSOLUTE
    ../clib/microlib/printf/printf.c         0x00000000   Number         0  printf8.o ABSOLUTE
    ../clib/microlib/printf/printf.c         0x00000000   Number         0  printfa.o ABSOLUTE
    ../clib/microlib/printf/printf.c         0x00000000   Number         0  printf1.o ABSOLUTE
    ../clib/microlib/printf/printf.c         0x00000000   Number         0  printf5.o ABSOLUTE
    ../clib/microlib/printf/printf.c         0x00000000   Number         0  printf3.o ABSOLUTE
    ../clib/microlib/printf/printf.c         0x00000000   Number         0  printf4.o ABSOLUTE
    ../clib/microlib/printf/printf.c         0x00000000   Number         0  printf6.o ABSOLUTE
    ../clib/microlib/printf/printf.c         0x00000000   Number         0  printf7.o ABSOLUTE
    ../clib/microlib/printf/printf.c         0x00000000   Number         0  printf2.o ABSOLUTE
    ../clib/microlib/printf/printf.c         0x00000000   Number         0  printfb.o ABSOLUTE
    ../clib/microlib/printf/printf.c         0x00000000   Number         0  printf0.o ABSOLUTE
    ../clib/microlib/printf/stubs.s          0x00000000   Number         0  stubs.o ABSOLUTE
    ../clib/microlib/stdio/streams.c         0x00000000   Number         0  stdout.o ABSOLUTE
    ../clib/microlib/string/memcpy.c         0x00000000   Number         0  memcpyb.o ABSOLUTE
    ../clib/microlib/string/memcpy.c         0x00000000   Number         0  memcpya.o ABSOLUTE
    ../clib/microlib/string/memset.c         0x00000000   Number         0  memseta.o ABSOLUTE
    ../clib/microlib/string/strncpy.c        0x00000000   Number         0  strncpy.o ABSOLUTE
    ../clib/microlib/stubs.s                 0x00000000   Number         0  iusefp.o ABSOLUTE
    ../fplib/microlib/f2d.c                  0x00000000   Number         0  f2d.o ABSOLUTE
    ../fplib/microlib/fpadd.c                0x00000000   Number         0  dadd.o ABSOLUTE
    ../fplib/microlib/fpdiv.c                0x00000000   Number         0  fdiv.o ABSOLUTE
    ../fplib/microlib/fpdiv.c                0x00000000   Number         0  ddiv.o ABSOLUTE
    ../fplib/microlib/fpepilogue.c           0x00000000   Number         0  depilogue.o ABSOLUTE
    ../fplib/microlib/fpepilogue.c           0x00000000   Number         0  fepilogue.o ABSOLUTE
    ../fplib/microlib/fpfix.c                0x00000000   Number         0  dfixul.o ABSOLUTE
    ../fplib/microlib/fpflt.c                0x00000000   Number         0  ffltui.o ABSOLUTE
    ../fplib/microlib/fpmul.c                0x00000000   Number         0  dmul.o ABSOLUTE
    FreeRTOS\\src\\port.c                    0x00000000   Number         0  port.o ABSOLUTE
    FreeRTOS\src\heap_2.c                    0x00000000   Number         0  heap_2.o ABSOLUTE
    FreeRTOS\src\list.c                      0x00000000   Number         0  list.o ABSOLUTE
    FreeRTOS\src\port.c                      0x00000000   Number         0  port.o ABSOLUTE
    FreeRTOS\src\queue.c                     0x00000000   Number         0  queue.o ABSOLUTE
    FreeRTOS\src\serial.c                    0x00000000   Number         0  serial.o ABSOLUTE
    FreeRTOS\src\tasks.c                     0x00000000   Number         0  tasks.o ABSOLUTE
    STM32F10x.s                              0x00000000   Number         0  stm32f10x.o ABSOLUTE
    STM32F10xFWLib\src\cortexm3_macro_rvds.s 0x00000000   Number         0  cortexm3_macro_rvds.o ABSOLUTE
    STM32F10xFWLib\src\stm32f10x_gpio.c      0x00000000   Number         0  stm32f10x_gpio.o ABSOLUTE
    STM32F10xFWLib\src\stm32f10x_lib.c       0x00000000   Number         0  stm32f10x_lib.o ABSOLUTE
    STM32F10xFWLib\src\stm32f10x_nvic.c      0x00000000   Number         0  stm32f10x_nvic.o ABSOLUTE
    STM32F10xFWLib\src\stm32f10x_rcc.c       0x00000000   Number         0  stm32f10x_rcc.o ABSOLUTE
    STM32F10xFWLib\src\stm32f10x_spi.c       0x00000000   Number         0  stm32f10x_spi.o ABSOLUTE
    STM32F10xFWLib\src\stm32f10x_systick.c   0x00000000   Number         0  stm32f10x_systick.o ABSOLUTE
    STM32F10xFWLib\src\stm32f10x_tim.c       0x00000000   Number         0  stm32f10x_tim.o ABSOLUTE
    STM32F10xFWLib\src\stm32f10x_usart.c     0x00000000   Number         0  stm32f10x_usart.o ABSOLUTE
    cdrcmple.s                               0x00000000   Number         0  cdrcmple.o ABSOLUTE
    dc.s                                     0x00000000   Number         0  dc.o ABSOLUTE
    handlers.s                               0x00000000   Number         0  handlers.o ABSOLUTE
    init.s                                   0x00000000   Number         0  init.o ABSOLUTE
    main.c                                   0x00000000   Number         0  main.o ABSOLUTE
    setup.c                                  0x00000000   Number         0  setup.o ABSOLUTE
    RESET                                    0x08000000   Section      236  stm32f10x.o(RESET)
    .ARM.Collect$$$$00000000                 0x080000ec   Section        0  entry.o(.ARM.Collect$$$$00000000)
    .ARM.Collect$$$$00000001                 0x080000ec   Section        4  entry2.o(.ARM.Collect$$$$00000001)
    .ARM.Collect$$$$00000004                 0x080000f0   Section        4  entry5.o(.ARM.Collect$$$$00000004)
    .ARM.Collect$$$$00000008                 0x080000f4   Section        0  entry7b.o(.ARM.Collect$$$$00000008)
    .ARM.Collect$$$$0000000A                 0x080000f4   Section        0  entry8b.o(.ARM.Collect$$$$0000000A)
    .ARM.Collect$$$$0000000B                 0x080000f4   Section        8  entry9a.o(.ARM.Collect$$$$0000000B)
    .ARM.Collect$$$$0000000D                 0x080000fc   Section        0  entry10a.o(.ARM.Collect$$$$0000000D)
    .ARM.Collect$$$$0000000F                 0x080000fc   Section        0  entry11a.o(.ARM.Collect$$$$0000000F)
    .ARM.Collect$$$$00002712                 0x080000fc   Section        4  entry2.o(.ARM.Collect$$$$00002712)
    __lit__00000000                          0x080000fc   Data           4  entry2.o(.ARM.Collect$$$$00002712)
    .emb_text                                0x08000100   Section      136  port.o(.emb_text)
    .text                                    0x08000188   Section       28  stm32f10x.o(.text)
    .text                                    0x080001a4   Section        0  stm32f10x_gpio.o(.text)
    .text                                    0x08000484   Section        0  stm32f10x_nvic.o(.text)
    .text                                    0x08000864   Section        0  stm32f10x_rcc.o(.text)
    .text                                    0x08000be0   Section        0  stm32f10x_systick.o(.text)
    .text                                    0x08000ca4   Section        0  stm32f10x_usart.o(.text)
    .text                                    0x08000fc8   Section      110  cortexm3_macro_rvds.o(.text)
    .text                                    0x08001038   Section        0  main.o(.text)
    .text                                    0x080010dc   Section        0  setup.o(.text)
    .text                                    0x080011c4   Section        0  heap_2.o(.text)
    .text                                    0x080012dc   Section        0  list.o(.text)
    .text                                    0x08001370   Section        0  port.o(.text)
    prvSetupTimerInterrupt                   0x0800138b   Thumb Code    14  port.o(.text)
    .text                                    0x08001424   Section        0  queue.o(.text)
    prvUnlockQueue                           0x08001491   Thumb Code   110  queue.o(.text)
    prvIsQueueFull                           0x080014ff   Thumb Code    32  queue.o(.text)
    prvCopyDataToQueue                       0x0800151f   Thumb Code    88  queue.o(.text)
    prvIsQueueEmpty                          0x0800169b   Thumb Code    28  queue.o(.text)
    prvCopyDataFromQueue                     0x080016b7   Thumb Code    42  queue.o(.text)
    .text                                    0x08001878   Section        0  tasks.o(.text)
    prvInitialiseTaskLists                   0x08001879   Thumb Code    70  tasks.o(.text)
    prvInitialiseTCBVariables                0x080018bf   Thumb Code    68  tasks.o(.text)
    prvAllocateTCBAndStack                   0x08001903   Thumb Code    58  tasks.o(.text)
    prvDeleteTCB                             0x08001f95   Thumb Code    18  tasks.o(.text)
    prvCheckTasksWaitingTermination          0x08001fa7   Thumb Code    94  tasks.o(.text)
    prvIdleTask                              0x08002005   Thumb Code    20  tasks.o(.text)
    .text                                    0x08002228   Section        0  serial.o(.text)
    .text                                    0x080023fc   Section        0  memcpya.o(.text)
    .text                                    0x08002420   Section        0  memseta.o(.text)
    .text                                    0x08002444   Section        0  strncpy.o(.text)
    .text                                    0x0800245c   Section        0  fdiv.o(.text)
    .text                                    0x080024d8   Section        0  ffltui.o(.text)
    .text                                    0x080024e2   Section        0  f2d.o(.text)
    .text                                    0x08002508   Section        0  uidiv.o(.text)
    .text                                    0x08002534   Section        0  uldiv.o(.text)
    .text                                    0x08002596   Section        0  iusefp.o(.text)
    .text                                    0x08002596   Section        0  fepilogue.o(.text)
    .text                                    0x08002604   Section        0  dadd.o(.text)
    .text                                    0x08002752   Section        0  dmul.o(.text)
    .text                                    0x08002836   Section        0  ddiv.o(.text)
    .text                                    0x08002914   Section        0  dfixul.o(.text)
    .text                                    0x08002944   Section       48  cdrcmple.o(.text)
    .text                                    0x08002974   Section       36  init.o(.text)
    .text                                    0x08002998   Section        0  llshl.o(.text)
    .text                                    0x080029b6   Section        0  llushr.o(.text)
    .text                                    0x080029d6   Section        0  llsshr.o(.text)
    .text                                    0x080029fa   Section        0  depilogue.o(.text)
    i.__0printf                              0x08002ab4   Section        0  printfa.o(i.__0printf)
    i.__scatterload_copy                     0x08002ad4   Section       14  handlers.o(i.__scatterload_copy)
    i.__scatterload_null                     0x08002ae2   Section        2  handlers.o(i.__scatterload_null)
    i.__scatterload_zeroinit                 0x08002ae4   Section       14  handlers.o(i.__scatterload_zeroinit)
    i._fp_digits                             0x08002af4   Section        0  printfa.o(i._fp_digits)
    _fp_digits                               0x08002af5   Thumb Code   334  printfa.o(i._fp_digits)
    i._printf_core                           0x08002c58   Section        0  printfa.o(i._printf_core)
    _printf_core                             0x08002c59   Thumb Code  1744  printfa.o(i._printf_core)
    i._printf_post_padding                   0x08003334   Section        0  printfa.o(i._printf_post_padding)
    _printf_post_padding                     0x08003335   Thumb Code    36  printfa.o(i._printf_post_padding)
    i._printf_pre_padding                    0x08003358   Section        0  printfa.o(i._printf_pre_padding)
    _printf_pre_padding                      0x08003359   Thumb Code    46  printfa.o(i._printf_pre_padding)
    .constdata                               0x08003386   Section       20  stm32f10x_rcc.o(.constdata)
    APBAHBPrescTable                         0x08003386   Data          16  stm32f10x_rcc.o(.constdata)
    ADCPrescTable                            0x08003396   Data           4  stm32f10x_rcc.o(.constdata)
    .data                                    0x20000000   Section        8  main.o(.data)
    .data                                    0x20000008   Section        4  setup.o(.data)
    xPort                                    0x20000008   Data           4  setup.o(.data)
    .data                                    0x2000000c   Section       24  heap_2.o(.data)
    xStart                                   0x2000000c   Data           8  heap_2.o(.data)
    xEnd                                     0x20000014   Data           8  heap_2.o(.data)
    xFreeBytesRemaining                      0x2000001c   Data           4  heap_2.o(.data)
    xHeapHasBeenInitialised                  0x20000020   Data           4  heap_2.o(.data)
    .data                                    0x20000024   Section        4  port.o(.data)
    uxCriticalNesting                        0x20000024   Data           4  port.o(.data)
    .data                                    0x20000028   Section       56  tasks.o(.data)
    pxDelayedTaskList                        0x2000002c   Data           4  tasks.o(.data)
    pxOverflowDelayedTaskList                0x20000030   Data           4  tasks.o(.data)
    uxTasksDeleted                           0x20000034   Data           4  tasks.o(.data)
    uxCurrentNumberOfTasks                   0x20000038   Data           4  tasks.o(.data)
    xTickCount                               0x2000003c   Data           4  tasks.o(.data)
    uxTopUsedPriority                        0x20000040   Data           4  tasks.o(.data)
    uxTopReadyPriority                       0x20000044   Data           4  tasks.o(.data)
    xSchedulerRunning                        0x20000048   Data           4  tasks.o(.data)
    uxSchedulerSuspended                     0x2000004c   Data           4  tasks.o(.data)
    uxMissedTicks                            0x20000050   Data           4  tasks.o(.data)
    xMissedYield                             0x20000054   Data           4  tasks.o(.data)
    xNumOfOverflows                          0x20000058   Data           4  tasks.o(.data)
    uxTaskNumber                             0x2000005c   Data           4  tasks.o(.data)
    .data                                    0x20000060   Section        8  serial.o(.data)
    xRxedChars                               0x20000060   Data           4  serial.o(.data)
    xCharsForTx                              0x20000064   Data           4  serial.o(.data)
    .data                                    0x20000068   Section        4  stdout.o(.data)
    .bss                                     0x20000070   Section    17408  heap_2.o(.bss)
    xHeap                                    0x20000070   Data       17408  heap_2.o(.bss)
    .bss                                     0x20004470   Section      200  tasks.o(.bss)
    pxReadyTasksLists                        0x20004470   Data         100  tasks.o(.bss)
    xDelayedTaskList1                        0x200044d4   Data          20  tasks.o(.bss)
    xDelayedTaskList2                        0x200044e8   Data          20  tasks.o(.bss)
    xPendingReadyList                        0x200044fc   Data          20  tasks.o(.bss)
    xTasksWaitingTermination                 0x20004510   Data          20  tasks.o(.bss)
    xSuspendedTaskList                       0x20004524   Data          20  tasks.o(.bss)
    STACK                                    0x20004538   Section      512  stm32f10x.o(STACK)

    Global Symbols

    Symbol Name                              Value     Ov Type        Size  Object(Section)

    BuildAttributes$$THM_ISAv4$P$D$K$B$S$PE$A:L22UL41UL21$X:L11$S22US41US21$IEEE1$IW$USESV6$~STKCKD$USESV7$~SHL$OTIME$ROPI$EBA8$MICROLIB$REQ8$PRES8$EABIv2 0x00000000   Number         0  anon$$obj.o ABSOLUTE
    __ARM_use_no_argv                        0x00000000   Number         0  main.o ABSOLUTE
    _printf_a                                0x00000000   Number         0  stubs.o ABSOLUTE
    _printf_c                                0x00000000   Number         0  stubs.o ABSOLUTE
    _printf_charcount                        0x00000000   Number         0  stubs.o ABSOLUTE
    _printf_d                                0x00000000   Number         0  stubs.o ABSOLUTE
    _printf_e                                0x00000000   Number         0  stubs.o ABSOLUTE
    _printf_f                                0x00000000   Number         0  stubs.o ABSOLUTE
    _printf_flags                            0x00000000   Number         0  stubs.o ABSOLUTE
    _printf_fp_dec                           0x00000000   Number         0  stubs.o ABSOLUTE
    _printf_fp_hex                           0x00000000   Number         0  stubs.o ABSOLUTE
    _printf_g                                0x00000000   Number         0  stubs.o ABSOLUTE
    _printf_i                                0x00000000   Number         0  stubs.o ABSOLUTE
    _printf_int_dec                          0x00000000   Number         0  stubs.o ABSOLUTE
    _printf_l                                0x00000000   Number         0  stubs.o ABSOLUTE
    _printf_lc                               0x00000000   Number         0  stubs.o ABSOLUTE
    _printf_ll                               0x00000000   Number         0  stubs.o ABSOLUTE
    _printf_lld                              0x00000000   Number         0  stubs.o ABSOLUTE
    _printf_lli                              0x00000000   Number         0  stubs.o ABSOLUTE
    _printf_llo                              0x00000000   Number         0  stubs.o ABSOLUTE
    _printf_llu                              0x00000000   Number         0  stubs.o ABSOLUTE
    _printf_llx                              0x00000000   Number         0  stubs.o ABSOLUTE
    _printf_longlong_dec                     0x00000000   Number         0  stubs.o ABSOLUTE
    _printf_longlong_hex                     0x00000000   Number         0  stubs.o ABSOLUTE
    _printf_longlong_oct                     0x00000000   Number         0  stubs.o ABSOLUTE
    _printf_ls                               0x00000000   Number         0  stubs.o ABSOLUTE
    _printf_mbtowc                           0x00000000   Number         0  stubs.o ABSOLUTE
    _printf_n                                0x00000000   Number         0  stubs.o ABSOLUTE
    _printf_o                                0x00000000   Number         0  stubs.o ABSOLUTE
    _printf_p                                0x00000000   Number         0  stubs.o ABSOLUTE
    _printf_percent                          0x00000000   Number         0  stubs.o ABSOLUTE
    _printf_pre_padding                      0x00000000   Number         0  stubs.o ABSOLUTE
    _printf_return_value                     0x00000000   Number         0  stubs.o ABSOLUTE
    _printf_s                                0x00000000   Number         0  stubs.o ABSOLUTE
    _printf_sizespec                         0x00000000   Number         0  stubs.o ABSOLUTE
    _printf_str                              0x00000000   Number         0  stubs.o ABSOLUTE
    _printf_truncate_signed                  0x00000000   Number         0  stubs.o ABSOLUTE
    _printf_truncate_unsigned                0x00000000   Number         0  stubs.o ABSOLUTE
    _printf_u                                0x00000000   Number         0  stubs.o ABSOLUTE
    _printf_wc                               0x00000000   Number         0  stubs.o ABSOLUTE
    _printf_wctomb                           0x00000000   Number         0  stubs.o ABSOLUTE
    _printf_widthprec                        0x00000000   Number         0  stubs.o ABSOLUTE
    _printf_x                                0x00000000   Number         0  stubs.o ABSOLUTE
    __cpp_initialize__aeabi_                  - Undefined Weak Reference
    __cxa_finalize                            - Undefined Weak Reference
    __decompress                              - Undefined Weak Reference
    _clock_init                               - Undefined Weak Reference
    _microlib_exit                            - Undefined Weak Reference
    __Vectors                                0x08000000   Data           4  stm32f10x.o(RESET)
    __main                                   0x080000ed   Thumb Code     0  entry.o(.ARM.Collect$$$$00000000)
    _main_stk                                0x080000ed   Thumb Code     0  entry2.o(.ARM.Collect$$$$00000001)
    _main_scatterload                        0x080000f1   Thumb Code     0  entry5.o(.ARM.Collect$$$$00000004)
    __main_after_scatterload                 0x080000f5   Thumb Code     0  entry5.o(.ARM.Collect$$$$00000004)
    _main_clock                              0x080000f5   Thumb Code     0  entry7b.o(.ARM.Collect$$$$00000008)
    _main_cpp_init                           0x080000f5   Thumb Code     0  entry8b.o(.ARM.Collect$$$$0000000A)
    _main_init                               0x080000f5   Thumb Code     0  entry9a.o(.ARM.Collect$$$$0000000B)
    __rt_final_cpp                           0x080000fd   Thumb Code     0  entry10a.o(.ARM.Collect$$$$0000000D)
    __rt_final_exit                          0x080000fd   Thumb Code     0  entry11a.o(.ARM.Collect$$$$0000000F)
    vPortSVCHandler                          0x08000101   Thumb Code    28  port.o(.emb_text)
    vPortStartFirstTask                      0x08000121   Thumb Code    12  port.o(.emb_text)
    xPortPendSVHandler                       0x08000131   Thumb Code    56  port.o(.emb_text)
    vPortSetInterruptMask                    0x0800016d   Thumb Code    14  port.o(.emb_text)
    vPortClearInterruptMask                  0x0800017b   Thumb Code    14  port.o(.emb_text)
    Reset_Handler                            0x08000189   Thumb Code     4  stm32f10x.o(.text)
    NMI_Handler                              0x0800018d   Thumb Code     2  stm32f10x.o(.text)
    HardFault_Handler                        0x0800018f   Thumb Code     2  stm32f10x.o(.text)
    MemManage_Handler                        0x08000191   Thumb Code     2  stm32f10x.o(.text)
    BusFault_Handler                         0x08000193   Thumb Code     2  stm32f10x.o(.text)
    UsageFault_Handler                       0x08000195   Thumb Code     2  stm32f10x.o(.text)
    SVC_Handler                              0x08000197   Thumb Code     2  stm32f10x.o(.text)
    DebugMon_Handler                         0x08000199   Thumb Code     2  stm32f10x.o(.text)
    PendSV_Handler                           0x0800019b   Thumb Code     2  stm32f10x.o(.text)
    SysTick_Handler                          0x0800019d   Thumb Code     2  stm32f10x.o(.text)
    ADC_IRQHandler                           0x0800019f   Thumb Code     0  stm32f10x.o(.text)
    CAN_RX1_IRQHandler                       0x0800019f   Thumb Code     0  stm32f10x.o(.text)
    CAN_SCE_IRQHandler                       0x0800019f   Thumb Code     0  stm32f10x.o(.text)
    DMAChannel1_IRQHandler                   0x0800019f   Thumb Code     0  stm32f10x.o(.text)
    DMAChannel2_IRQHandler                   0x0800019f   Thumb Code     0  stm32f10x.o(.text)
    DMAChannel3_IRQHandler                   0x0800019f   Thumb Code     0  stm32f10x.o(.text)
    DMAChannel4_IRQHandler                   0x0800019f   Thumb Code     0  stm32f10x.o(.text)
    DMAChannel5_IRQHandler                   0x0800019f   Thumb Code     0  stm32f10x.o(.text)
    DMAChannel6_IRQHandler                   0x0800019f   Thumb Code     0  stm32f10x.o(.text)
    DMAChannel7_IRQHandler                   0x0800019f   Thumb Code     0  stm32f10x.o(.text)
    EXTI0_IRQHandler                         0x0800019f   Thumb Code     0  stm32f10x.o(.text)
    EXTI15_10_IRQHandler                     0x0800019f   Thumb Code     0  stm32f10x.o(.text)
    EXTI1_IRQHandler                         0x0800019f   Thumb Code     0  stm32f10x.o(.text)
    EXTI2_IRQHandler                         0x0800019f   Thumb Code     0  stm32f10x.o(.text)
    EXTI3_IRQHandler                         0x0800019f   Thumb Code     0  stm32f10x.o(.text)
    EXTI4_IRQHandler                         0x0800019f   Thumb Code     0  stm32f10x.o(.text)
    EXTI9_5_IRQHandler                       0x0800019f   Thumb Code     0  stm32f10x.o(.text)
    FLASH_IRQHandler                         0x0800019f   Thumb Code     0  stm32f10x.o(.text)
    I2C1_ER_IRQHandler                       0x0800019f   Thumb Code     0  stm32f10x.o(.text)
    I2C1_EV_IRQHandler                       0x0800019f   Thumb Code     0  stm32f10x.o(.text)
    I2C2_ER_IRQHandler                       0x0800019f   Thumb Code     0  stm32f10x.o(.text)
    I2C2_EV_IRQHandler                       0x0800019f   Thumb Code     0  stm32f10x.o(.text)
    PVD_IRQHandler                           0x0800019f   Thumb Code     0  stm32f10x.o(.text)
    RCC_IRQHandler                           0x0800019f   Thumb Code     0  stm32f10x.o(.text)
    RTCAlarm_IRQHandler                      0x0800019f   Thumb Code     0  stm32f10x.o(.text)
    RTC_IRQHandler                           0x0800019f   Thumb Code     0  stm32f10x.o(.text)
    SPI1_IRQHandler                          0x0800019f   Thumb Code     0  stm32f10x.o(.text)
    SPI2_IRQHandler                          0x0800019f   Thumb Code     0  stm32f10x.o(.text)
    TAMPER_IRQHandler                        0x0800019f   Thumb Code     0  stm32f10x.o(.text)
    TIM1_BRK_IRQHandler                      0x0800019f   Thumb Code     0  stm32f10x.o(.text)
    TIM1_CC_IRQHandler                       0x0800019f   Thumb Code     0  stm32f10x.o(.text)
    TIM1_TRG_COM_IRQHandler                  0x0800019f   Thumb Code     0  stm32f10x.o(.text)
    TIM1_UP_IRQHandler                       0x0800019f   Thumb Code     0  stm32f10x.o(.text)
    TIM2_IRQHandler                          0x0800019f   Thumb Code     0  stm32f10x.o(.text)
    TIM3_IRQHandler                          0x0800019f   Thumb Code     0  stm32f10x.o(.text)
    TIM4_IRQHandler                          0x0800019f   Thumb Code     0  stm32f10x.o(.text)
    USART1_IRQHandler                        0x0800019f   Thumb Code     0  stm32f10x.o(.text)
    USART2_IRQHandler                        0x0800019f   Thumb Code     0  stm32f10x.o(.text)
    USART3_IRQHandler                        0x0800019f   Thumb Code     0  stm32f10x.o(.text)
    USBWakeUp_IRQHandler                     0x0800019f   Thumb Code     0  stm32f10x.o(.text)
    USB_HP_CAN_TX_IRQHandler                 0x0800019f   Thumb Code     0  stm32f10x.o(.text)
    USB_LP_CAN_RX0_IRQHandler                0x0800019f   Thumb Code     0  stm32f10x.o(.text)
    WWDG_IRQHandler                          0x0800019f   Thumb Code     0  stm32f10x.o(.text)
    GPIO_DeInit                              0x080001a5   Thumb Code   138  stm32f10x_gpio.o(.text)
    GPIO_AFIODeInit                          0x0800022f   Thumb Code    20  stm32f10x_gpio.o(.text)
    GPIO_Init                                0x08000243   Thumb Code   278  stm32f10x_gpio.o(.text)
    GPIO_StructInit                          0x08000359   Thumb Code    16  stm32f10x_gpio.o(.text)
    GPIO_ReadInputDataBit                    0x08000369   Thumb Code    18  stm32f10x_gpio.o(.text)
    GPIO_ReadInputData                       0x0800037b   Thumb Code     8  stm32f10x_gpio.o(.text)
    GPIO_ReadOutputDataBit                   0x08000383   Thumb Code    18  stm32f10x_gpio.o(.text)
    GPIO_ReadOutputData                      0x08000395   Thumb Code     8  stm32f10x_gpio.o(.text)
    GPIO_WriteBit                            0x0800039d   Thumb Code    10  stm32f10x_gpio.o(.text)
    GPIO_Write                               0x080003a7   Thumb Code     4  stm32f10x_gpio.o(.text)
    GPIO_PinLockConfig                       0x080003ab   Thumb Code    18  stm32f10x_gpio.o(.text)
    GPIO_EventOutputConfig                   0x080003bd   Thumb Code    26  stm32f10x_gpio.o(.text)
    GPIO_EventOutputCmd                      0x080003d7   Thumb Code     6  stm32f10x_gpio.o(.text)
    GPIO_PinRemapConfig                      0x080003dd   Thumb Code    86  stm32f10x_gpio.o(.text)
    GPIO_EXTILineConfig                      0x08000433   Thumb Code    66  stm32f10x_gpio.o(.text)
    NVIC_DeInit                              0x08000485   Thumb Code    54  stm32f10x_nvic.o(.text)
    NVIC_SCBDeInit                           0x080004bb   Thumb Code    76  stm32f10x_nvic.o(.text)
    NVIC_PriorityGroupConfig                 0x08000507   Thumb Code    12  stm32f10x_nvic.o(.text)
    NVIC_Init                                0x08000513   Thumb Code   152  stm32f10x_nvic.o(.text)
    NVIC_StructInit                          0x080005ab   Thumb Code    12  stm32f10x_nvic.o(.text)
    NVIC_SETPRIMASK                          0x080005b7   Thumb Code     8  stm32f10x_nvic.o(.text)
    NVIC_RESETPRIMASK                        0x080005bf   Thumb Code     8  stm32f10x_nvic.o(.text)
    NVIC_SETFAULTMASK                        0x080005c7   Thumb Code     8  stm32f10x_nvic.o(.text)
    NVIC_RESETFAULTMASK                      0x080005cf   Thumb Code     8  stm32f10x_nvic.o(.text)
    NVIC_BASEPRICONFIG                       0x080005d7   Thumb Code    12  stm32f10x_nvic.o(.text)
    NVIC_GetBASEPRI                          0x080005e3   Thumb Code     8  stm32f10x_nvic.o(.text)
    NVIC_GetCurrentPendingIRQChannel         0x080005eb   Thumb Code    10  stm32f10x_nvic.o(.text)
    NVIC_GetIRQChannelPendingBitStatus       0x080005f5   Thumb Code    42  stm32f10x_nvic.o(.text)
    NVIC_SetIRQChannelPendingBit             0x0800061f   Thumb Code     6  stm32f10x_nvic.o(.text)
    NVIC_ClearIRQChannelPendingBit           0x08000625   Thumb Code    20  stm32f10x_nvic.o(.text)
    NVIC_GetCurrentActiveHandler             0x08000639   Thumb Code    10  stm32f10x_nvic.o(.text)
    NVIC_GetIRQChannelActiveBitStatus        0x08000643   Thumb Code    42  stm32f10x_nvic.o(.text)
    NVIC_GetCPUID                            0x0800066d   Thumb Code     8  stm32f10x_nvic.o(.text)
    NVIC_SetVectorTable                      0x08000675   Thumb Code    22  stm32f10x_nvic.o(.text)
    NVIC_GenerateSystemReset                 0x0800068b   Thumb Code    12  stm32f10x_nvic.o(.text)
    NVIC_GenerateCoreReset                   0x08000697   Thumb Code    12  stm32f10x_nvic.o(.text)
    NVIC_SystemLPConfig                      0x080006a3   Thumb Code    34  stm32f10x_nvic.o(.text)
    NVIC_SystemHandlerConfig                 0x080006c5   Thumb Code    48  stm32f10x_nvic.o(.text)
    NVIC_SystemHandlerPriorityConfig         0x080006f5   Thumb Code   110  stm32f10x_nvic.o(.text)
    NVIC_GetSystemHandlerPendingBitStatus    0x08000763   Thumb Code    44  stm32f10x_nvic.o(.text)
    NVIC_SetSystemHandlerPendingBit          0x0800078f   Thumb Code    22  stm32f10x_nvic.o(.text)
    NVIC_ClearSystemHandlerPendingBit        0x080007a5   Thumb Code    26  stm32f10x_nvic.o(.text)
    NVIC_GetSystemHandlerActiveBitStatus     0x080007bf   Thumb Code    42  stm32f10x_nvic.o(.text)
    NVIC_GetFaultHandlerSources              0x080007e9   Thumb Code    66  stm32f10x_nvic.o(.text)
    NVIC_GetFaultAddress                     0x0800082b   Thumb Code    28  stm32f10x_nvic.o(.text)
    RCC_DeInit                               0x08000865   Thumb Code    78  stm32f10x_rcc.o(.text)
    RCC_HSEConfig                            0x080008b3   Thumb Code    70  stm32f10x_rcc.o(.text)
    RCC_AdjustHSICalibrationValue            0x080008f9   Thumb Code    20  stm32f10x_rcc.o(.text)
    RCC_HSICmd                               0x0800090d   Thumb Code     6  stm32f10x_rcc.o(.text)
    RCC_PLLConfig                            0x08000913   Thumb Code    24  stm32f10x_rcc.o(.text)
    RCC_PLLCmd                               0x0800092b   Thumb Code     6  stm32f10x_rcc.o(.text)
    RCC_SYSCLKConfig                         0x08000931   Thumb Code    18  stm32f10x_rcc.o(.text)
    RCC_GetSYSCLKSource                      0x08000943   Thumb Code    10  stm32f10x_rcc.o(.text)
    RCC_HCLKConfig                           0x0800094d   Thumb Code    18  stm32f10x_rcc.o(.text)
    RCC_PCLK1Config                          0x0800095f   Thumb Code    18  stm32f10x_rcc.o(.text)
    RCC_PCLK2Config                          0x08000971   Thumb Code    20  stm32f10x_rcc.o(.text)
    RCC_ITConfig                             0x08000985   Thumb Code    26  stm32f10x_rcc.o(.text)
    RCC_USBCLKConfig                         0x0800099f   Thumb Code     8  stm32f10x_rcc.o(.text)
    RCC_ADCCLKConfig                         0x080009a7   Thumb Code    18  stm32f10x_rcc.o(.text)
    RCC_LSEConfig                            0x080009b9   Thumb Code    50  stm32f10x_rcc.o(.text)
    RCC_LSICmd                               0x080009eb   Thumb Code     6  stm32f10x_rcc.o(.text)
    RCC_RTCCLKConfig                         0x080009f1   Thumb Code    12  stm32f10x_rcc.o(.text)
    RCC_RTCCLKCmd                            0x080009fd   Thumb Code     8  stm32f10x_rcc.o(.text)
    RCC_GetClocksFreq                        0x08000a05   Thumb Code   192  stm32f10x_rcc.o(.text)
    RCC_AHBPeriphClockCmd                    0x08000ac5   Thumb Code    26  stm32f10x_rcc.o(.text)
    RCC_APB2PeriphClockCmd                   0x08000adf   Thumb Code    26  stm32f10x_rcc.o(.text)
    RCC_APB1PeriphClockCmd                   0x08000af9   Thumb Code    26  stm32f10x_rcc.o(.text)
    RCC_APB2PeriphResetCmd                   0x08000b13   Thumb Code    26  stm32f10x_rcc.o(.text)
    RCC_APB1PeriphResetCmd                   0x08000b2d   Thumb Code    26  stm32f10x_rcc.o(.text)
    RCC_BackupResetCmd                       0x08000b47   Thumb Code     8  stm32f10x_rcc.o(.text)
    RCC_ClockSecuritySystemCmd               0x08000b4f   Thumb Code     6  stm32f10x_rcc.o(.text)
    RCC_MCOConfig                            0x08000b55   Thumb Code     6  stm32f10x_rcc.o(.text)
    RCC_GetFlagStatus                        0x08000b5b   Thumb Code    56  stm32f10x_rcc.o(.text)
    RCC_ClearFlag                            0x08000b93   Thumb Code    14  stm32f10x_rcc.o(.text)
    RCC_GetITStatus                          0x08000ba1   Thumb Code    20  stm32f10x_rcc.o(.text)
    RCC_ClearITPendingBit                    0x08000bb5   Thumb Code     6  stm32f10x_rcc.o(.text)
    SysTick_CLKSourceConfig                  0x08000be1   Thumb Code    40  stm32f10x_systick.o(.text)
    SysTick_SetReload                        0x08000c09   Thumb Code     8  stm32f10x_systick.o(.text)
    SysTick_CounterCmd                       0x08000c11   Thumb Code    52  stm32f10x_systick.o(.text)
    SysTick_ITConfig                         0x08000c45   Thumb Code    38  stm32f10x_systick.o(.text)
    SysTick_GetCounter                       0x08000c6b   Thumb Code     8  stm32f10x_systick.o(.text)
    SysTick_GetFlagStatus                    0x08000c73   Thumb Code    50  stm32f10x_systick.o(.text)
    USART_DeInit                             0x08000ca5   Thumb Code    88  stm32f10x_usart.o(.text)
    USART_Init                               0x08000cfd   Thumb Code   168  stm32f10x_usart.o(.text)
    USART_StructInit                         0x08000da5   Thumb Code    32  stm32f10x_usart.o(.text)
    USART_Cmd                                0x08000dc5   Thumb Code    24  stm32f10x_usart.o(.text)
    USART_ITConfig                           0x08000ddd   Thumb Code    64  stm32f10x_usart.o(.text)
    USART_DMACmd                             0x08000e1d   Thumb Code    18  stm32f10x_usart.o(.text)
    USART_SetAddress                         0x08000e2f   Thumb Code    18  stm32f10x_usart.o(.text)
    USART_WakeUpConfig                       0x08000e41   Thumb Code    18  stm32f10x_usart.o(.text)
    USART_ReceiverWakeUpCmd                  0x08000e53   Thumb Code    24  stm32f10x_usart.o(.text)
    USART_LINBreakDetectLengthConfig         0x08000e6b   Thumb Code    18  stm32f10x_usart.o(.text)
    USART_LINCmd                             0x08000e7d   Thumb Code    24  stm32f10x_usart.o(.text)
    USART_SendData                           0x08000e95   Thumb Code     8  stm32f10x_usart.o(.text)
    USART_ReceiveData                        0x08000e9d   Thumb Code    10  stm32f10x_usart.o(.text)
    USART_SendBreak                          0x08000ea7   Thumb Code    10  stm32f10x_usart.o(.text)
    USART_SetGuardTime                       0x08000eb1   Thumb Code    16  stm32f10x_usart.o(.text)
    USART_SetPrescaler                       0x08000ec1   Thumb Code    16  stm32f10x_usart.o(.text)
    USART_SmartCardCmd                       0x08000ed1   Thumb Code    24  stm32f10x_usart.o(.text)
    USART_SmartCardNACKCmd                   0x08000ee9   Thumb Code    24  stm32f10x_usart.o(.text)
    USART_HalfDuplexCmd                      0x08000f01   Thumb Code    24  stm32f10x_usart.o(.text)
    USART_IrDAConfig                         0x08000f19   Thumb Code    18  stm32f10x_usart.o(.text)
    USART_IrDACmd                            0x08000f2b   Thumb Code    24  stm32f10x_usart.o(.text)
    USART_GetFlagStatus                      0x08000f43   Thumb Code    18  stm32f10x_usart.o(.text)
    USART_ClearFlag                          0x08000f55   Thumb Code     8  stm32f10x_usart.o(.text)
    USART_GetITStatus                        0x08000f5d   Thumb Code    76  stm32f10x_usart.o(.text)
    USART_ClearITPendingBit                  0x08000fa9   Thumb Code    22  stm32f10x_usart.o(.text)
    __WFI                                    0x08000fc9   Thumb Code     0  cortexm3_macro_rvds.o(.text)
    __WFE                                    0x08000fcd   Thumb Code     0  cortexm3_macro_rvds.o(.text)
    __SEV                                    0x08000fd1   Thumb Code     0  cortexm3_macro_rvds.o(.text)
    __ISB                                    0x08000fd5   Thumb Code     0  cortexm3_macro_rvds.o(.text)
    __DSB                                    0x08000fdb   Thumb Code     0  cortexm3_macro_rvds.o(.text)
    __DMB                                    0x08000fe1   Thumb Code     0  cortexm3_macro_rvds.o(.text)
    __SVC                                    0x08000fe7   Thumb Code     0  cortexm3_macro_rvds.o(.text)
    __MRS_CONTROL                            0x08000feb   Thumb Code     0  cortexm3_macro_rvds.o(.text)
    __MSR_CONTROL                            0x08000ff1   Thumb Code     0  cortexm3_macro_rvds.o(.text)
    __MRS_PSP                                0x08000ffb   Thumb Code     0  cortexm3_macro_rvds.o(.text)
    __MSR_PSP                                0x08001001   Thumb Code     0  cortexm3_macro_rvds.o(.text)
    __MRS_MSP                                0x08001007   Thumb Code     0  cortexm3_macro_rvds.o(.text)
    __MSR_MSP                                0x0800100d   Thumb Code     0  cortexm3_macro_rvds.o(.text)
    __SETPRIMASK                             0x08001013   Thumb Code     0  cortexm3_macro_rvds.o(.text)
    __RESETPRIMASK                           0x08001017   Thumb Code     0  cortexm3_macro_rvds.o(.text)
    __SETFAULTMASK                           0x0800101b   Thumb Code     0  cortexm3_macro_rvds.o(.text)
    __RESETFAULTMASK                         0x0800101f   Thumb Code     0  cortexm3_macro_rvds.o(.text)
    __BASEPRICONFIG                          0x08001023   Thumb Code     0  cortexm3_macro_rvds.o(.text)
    __GetBASEPRI                             0x08001029   Thumb Code     0  cortexm3_macro_rvds.o(.text)
    __REV_HalfWord                           0x0800102f   Thumb Code     0  cortexm3_macro_rvds.o(.text)
    __REV_Word                               0x08001033   Thumb Code     0  cortexm3_macro_rvds.o(.text)
    vTaskFunction                            0x08001039   Thumb Code    66  main.o(.text)
    main                                     0x0800107b   Thumb Code    54  main.o(.text)
    prvSetupHardware                         0x080010dd   Thumb Code   152  setup.o(.text)
    fputc                                    0x08001175   Thumb Code    24  setup.o(.text)
    assert_failed                            0x0800118d   Thumb Code    18  setup.o(.text)
    pvPortMalloc                             0x080011c5   Thumb Code   194  heap_2.o(.text)
    vPortFree                                0x08001287   Thumb Code    56  heap_2.o(.text)
    xPortGetFreeHeapSize                     0x080012bf   Thumb Code     6  heap_2.o(.text)
    vPortInitialiseBlocks                    0x080012c5   Thumb Code     2  heap_2.o(.text)
    vListInitialise                          0x080012dd   Thumb Code    26  list.o(.text)
    vListInitialiseItem                      0x080012f7   Thumb Code     6  list.o(.text)
    vListInsertEnd                           0x080012fd   Thumb Code    28  list.o(.text)
    vListInsert                              0x08001319   Thumb Code    52  list.o(.text)
    vListRemove                              0x0800134d   Thumb Code    36  list.o(.text)
    pxPortInitialiseStack                    0x08001371   Thumb Code    26  port.o(.text)
    xPortStartScheduler                      0x08001399   Thumb Code    42  port.o(.text)
    vPortEndScheduler                        0x080013c3   Thumb Code     2  port.o(.text)
    vPortYieldFromISR                        0x080013c5   Thumb Code    12  port.o(.text)
    vPortEnterCritical                       0x080013d1   Thumb Code    18  port.o(.text)
    vPortExitCritical                        0x080013e3   Thumb Code    24  port.o(.text)
    xPortSysTickHandler                      0x080013fb   Thumb Code    28  port.o(.text)
    xQueueCreate                             0x08001425   Thumb Code   108  queue.o(.text)
    xQueueGenericSend                        0x08001577   Thumb Code   206  queue.o(.text)
    xQueueGenericSendFromISR                 0x08001645   Thumb Code    86  queue.o(.text)
    xQueueGenericReceive                     0x080016e1   Thumb Code   244  queue.o(.text)
    xQueueReceiveFromISR                     0x080017d5   Thumb Code    84  queue.o(.text)
    uxQueueMessagesWaiting                   0x08001829   Thumb Code    18  queue.o(.text)
    uxQueueMessagesWaitingFromISR            0x0800183b   Thumb Code     6  queue.o(.text)
    vQueueDelete                             0x08001841   Thumb Code    18  queue.o(.text)
    xQueueIsQueueEmptyFromISR                0x08001853   Thumb Code    16  queue.o(.text)
    xQueueIsQueueFullFromISR                 0x08001863   Thumb Code    20  queue.o(.text)
    xTaskGenericCreate                       0x0800193d   Thumb Code   240  tasks.o(.text)
    vTaskDelete                              0x08001a2d   Thumb Code    94  tasks.o(.text)
    vTaskIncrementTick                       0x08001a8b   Thumb Code   160  tasks.o(.text)
    xTaskResumeAll                           0x08001b2b   Thumb Code   186  tasks.o(.text)
    vTaskSuspendAll                          0x08001be5   Thumb Code    12  tasks.o(.text)
    vTaskDelayUntil                          0x08001bf1   Thumb Code   226  tasks.o(.text)
    vTaskDelay                               0x08001cd3   Thumb Code    86  tasks.o(.text)
    uxTaskPriorityGet                        0x08001d29   Thumb Code    30  tasks.o(.text)
    vTaskPrioritySet                         0x08001d47   Thumb Code   150  tasks.o(.text)
    vTaskSwitchContext                       0x08001ddd   Thumb Code    92  tasks.o(.text)
    vTaskSuspend                             0x08001e39   Thumb Code    96  tasks.o(.text)
    xTaskIsTaskSuspended                     0x08001e99   Thumb Code    60  tasks.o(.text)
    vTaskResume                              0x08001ed5   Thumb Code    92  tasks.o(.text)
    xTaskResumeFromISR                       0x08001f31   Thumb Code   100  tasks.o(.text)
    vTaskStartScheduler                      0x08002019   Thumb Code    52  tasks.o(.text)
    vTaskEndScheduler                        0x0800204d   Thumb Code    18  tasks.o(.text)
    xTaskGetTickCount                        0x0800205f   Thumb Code    18  tasks.o(.text)
    xTaskGetTickCountFromISR                 0x08002071   Thumb Code     6  tasks.o(.text)
    uxTaskGetNumberOfTasks                   0x08002077   Thumb Code     6  tasks.o(.text)
    vTaskPlaceOnEventList                    0x0800207d   Thumb Code   168  tasks.o(.text)
    xTaskRemoveFromEventList                 0x08002125   Thumb Code   106  tasks.o(.text)
    vTaskSetTimeOutState                     0x0800218f   Thumb Code    14  tasks.o(.text)
    xTaskCheckForTimeOut                     0x0800219d   Thumb Code    92  tasks.o(.text)
    vTaskMissedYield                         0x080021f9   Thumb Code     8  tasks.o(.text)
    xSerialPortInitMinimal                   0x08002229   Thumb Code   226  serial.o(.text)
    xSerialGetChar                           0x0800230b   Thumb Code    32  serial.o(.text)
    xSerialPutChar                           0x0800232b   Thumb Code    46  serial.o(.text)
    vSerialPutString                         0x08002359   Thumb Code    38  serial.o(.text)
    vSerialClose                             0x0800237f   Thumb Code     2  serial.o(.text)
    vUARTInterruptHandler                    0x08002381   Thumb Code   108  serial.o(.text)
    __aeabi_memcpy                           0x080023fd   Thumb Code    36  memcpya.o(.text)
    __aeabi_memcpy4                          0x080023fd   Thumb Code     0  memcpya.o(.text)
    __aeabi_memcpy8                          0x080023fd   Thumb Code     0  memcpya.o(.text)
    __aeabi_memset                           0x08002421   Thumb Code    14  memseta.o(.text)
    __aeabi_memset4                          0x08002421   Thumb Code     0  memseta.o(.text)
    __aeabi_memset8                          0x08002421   Thumb Code     0  memseta.o(.text)
    __aeabi_memclr                           0x0800242f   Thumb Code     4  memseta.o(.text)
    __aeabi_memclr4                          0x0800242f   Thumb Code     0  memseta.o(.text)
    __aeabi_memclr8                          0x0800242f   Thumb Code     0  memseta.o(.text)
    _memset$wrapper                          0x08002433   Thumb Code    18  memseta.o(.text)
    strncpy                                  0x08002445   Thumb Code    24  strncpy.o(.text)
    __aeabi_fdiv                             0x0800245d   Thumb Code   124  fdiv.o(.text)
    __aeabi_ui2f                             0x080024d9   Thumb Code    10  ffltui.o(.text)
    __aeabi_f2d                              0x080024e3   Thumb Code    38  f2d.o(.text)
    __aeabi_uidiv                            0x08002509   Thumb Code     0  uidiv.o(.text)
    __aeabi_uidivmod                         0x08002509   Thumb Code    44  uidiv.o(.text)
    __aeabi_uldivmod                         0x08002535   Thumb Code    98  uldiv.o(.text)
    __I$use$fp                               0x08002597   Thumb Code     0  iusefp.o(.text)
    _float_round                             0x08002597   Thumb Code    18  fepilogue.o(.text)
    _float_epilogue                          0x080025a9   Thumb Code    92  fepilogue.o(.text)
    __aeabi_dadd                             0x08002605   Thumb Code   322  dadd.o(.text)
    __aeabi_dsub                             0x08002747   Thumb Code     6  dadd.o(.text)
    __aeabi_drsub                            0x0800274d   Thumb Code     6  dadd.o(.text)
    __aeabi_dmul                             0x08002753   Thumb Code   228  dmul.o(.text)
    __aeabi_ddiv                             0x08002837   Thumb Code   222  ddiv.o(.text)
    __aeabi_d2ulz                            0x08002915   Thumb Code    48  dfixul.o(.text)
    __aeabi_cdrcmple                         0x08002945   Thumb Code    48  cdrcmple.o(.text)
    __scatterload                            0x08002975   Thumb Code    28  init.o(.text)
    __scatterload_rt2                        0x08002975   Thumb Code     0  init.o(.text)
    __aeabi_llsl                             0x08002999   Thumb Code    30  llshl.o(.text)
    _ll_shift_l                              0x08002999   Thumb Code     0  llshl.o(.text)
    __aeabi_llsr                             0x080029b7   Thumb Code    32  llushr.o(.text)
    _ll_ushift_r                             0x080029b7   Thumb Code     0  llushr.o(.text)
    __aeabi_lasr                             0x080029d7   Thumb Code    36  llsshr.o(.text)
    _ll_sshift_r                             0x080029d7   Thumb Code     0  llsshr.o(.text)
    _double_round                            0x080029fb   Thumb Code    30  depilogue.o(.text)
    _double_epilogue                         0x08002a19   Thumb Code   156  depilogue.o(.text)
    __0printf                                0x08002ab5   Thumb Code    22  printfa.o(i.__0printf)
    __1printf                                0x08002ab5   Thumb Code     0  printfa.o(i.__0printf)
    __2printf                                0x08002ab5   Thumb Code     0  printfa.o(i.__0printf)
    __c89printf                              0x08002ab5   Thumb Code     0  printfa.o(i.__0printf)
    printf                                   0x08002ab5   Thumb Code     0  printfa.o(i.__0printf)
    __scatterload_copy                       0x08002ad5   Thumb Code    14  handlers.o(i.__scatterload_copy)
    __scatterload_null                       0x08002ae3   Thumb Code     2  handlers.o(i.__scatterload_null)
    __scatterload_zeroinit                   0x08002ae5   Thumb Code    14  handlers.o(i.__scatterload_zeroinit)
    Region$$Table$$Base                      0x0800339c   Number         0  anon$$obj.o(Region$$Table)
    Region$$Table$$Limit                     0x080033bc   Number         0  anon$$obj.o(Region$$Table)
    Time                                     0x20000000   Data           4  main.o(.data)
    t                                        0x20000004   Data           4  main.o(.data)
    pxCurrentTCB                             0x20000028   Data           4  tasks.o(.data)
    __stdout                                 0x20000068   Data           4  stdout.o(.data)
    __initial_sp                             0x20004738   Data           0  stm32f10x.o(STACK)



==============================================================================

Memory Map of the image

  Image Entry point : 0x080000ed

  Load Region LR_IROM1 (Base: 0x08000000, Size: 0x00003428, Max: 0x00020000, ABSOLUTE)

    Execution Region ER_IROM1 (Base: 0x08000000, Size: 0x000033bc, Max: 0x00020000, ABSOLUTE)

    Base Addr    Size         Type   Attr      Idx    E Section Name        Object

    0x08000000   0x000000ec   Data   RO            3    RESET               stm32f10x.o
    0x080000ec   0x00000000   Code   RO          342  * .ARM.Collect$$$$00000000  mc_w.l(entry.o)
    0x080000ec   0x00000004   Code   RO          620    .ARM.Collect$$$$00000001  mc_w.l(entry2.o)
    0x080000f0   0x00000004   Code   RO          623    .ARM.Collect$$$$00000004  mc_w.l(entry5.o)
    0x080000f4   0x00000000   Code   RO          625    .ARM.Collect$$$$00000008  mc_w.l(entry7b.o)
    0x080000f4   0x00000000   Code   RO          627    .ARM.Collect$$$$0000000A  mc_w.l(entry8b.o)
    0x080000f4   0x00000008   Code   RO          628    .ARM.Collect$$$$0000000B  mc_w.l(entry9a.o)
    0x080000fc   0x00000000   Code   RO          630    .ARM.Collect$$$$0000000D  mc_w.l(entry10a.o)
    0x080000fc   0x00000000   Code   RO          632    .ARM.Collect$$$$0000000F  mc_w.l(entry11a.o)
    0x080000fc   0x00000004   Code   RO          621    .ARM.Collect$$$$00002712  mc_w.l(entry2.o)
    0x08000100   0x00000088   Code   RO          258    .emb_text           port.o
    0x08000188   0x0000001c   Code   RO            4    .text               stm32f10x.o
    0x080001a4   0x000002e0   Code   RO           10    .text               stm32f10x_gpio.o
    0x08000484   0x000003e0   Code   RO           68    .text               stm32f10x_nvic.o
    0x08000864   0x0000037c   Code   RO           80    .text               stm32f10x_rcc.o
    0x08000be0   0x000000c4   Code   RO          106    .text               stm32f10x_systick.o
    0x08000ca4   0x00000324   Code   RO          135    .text               stm32f10x_usart.o
    0x08000fc8   0x0000006e   Code   RO          147    .text               cortexm3_macro_rvds.o
    0x08001036   0x00000002   PAD
    0x08001038   0x000000a4   Code   RO          150    .text               main.o
    0x080010dc   0x000000e8   Code   RO          202    .text               setup.o
    0x080011c4   0x00000118   Code   RO          225    .text               heap_2.o
    0x080012dc   0x00000094   Code   RO          246    .text               list.o
    0x08001370   0x000000b4   Code   RO          259    .text               port.o
    0x08001424   0x00000452   Code   RO          279    .text               queue.o
    0x08001876   0x00000002   PAD
    0x08001878   0x000009b0   Code   RO          297    .text               tasks.o
    0x08002228   0x000001d4   Code   RO          325    .text               serial.o
    0x080023fc   0x00000024   Code   RO          345    .text               mc_w.l(memcpya.o)
    0x08002420   0x00000024   Code   RO          347    .text               mc_w.l(memseta.o)
    0x08002444   0x00000018   Code   RO          349    .text               mc_w.l(strncpy.o)
    0x0800245c   0x0000007c   Code   RO          614    .text               mf_w.l(fdiv.o)
    0x080024d8   0x0000000a   Code   RO          616    .text               mf_w.l(ffltui.o)
    0x080024e2   0x00000026   Code   RO          618    .text               mf_w.l(f2d.o)
    0x08002508   0x0000002c   Code   RO          635    .text               mc_w.l(uidiv.o)
    0x08002534   0x00000062   Code   RO          637    .text               mc_w.l(uldiv.o)
    0x08002596   0x00000000   Code   RO          639    .text               mc_w.l(iusefp.o)
    0x08002596   0x0000006e   Code   RO          640    .text               mf_w.l(fepilogue.o)
    0x08002604   0x0000014e   Code   RO          642    .text               mf_w.l(dadd.o)
    0x08002752   0x000000e4   Code   RO          644    .text               mf_w.l(dmul.o)
    0x08002836   0x000000de   Code   RO          646    .text               mf_w.l(ddiv.o)
    0x08002914   0x00000030   Code   RO          648    .text               mf_w.l(dfixul.o)
    0x08002944   0x00000030   Code   RO          650    .text               mf_w.l(cdrcmple.o)
    0x08002974   0x00000024   Code   RO          652    .text               mc_w.l(init.o)
    0x08002998   0x0000001e   Code   RO          654    .text               mc_w.l(llshl.o)
    0x080029b6   0x00000020   Code   RO          656    .text               mc_w.l(llushr.o)
    0x080029d6   0x00000024   Code   RO          658    .text               mc_w.l(llsshr.o)
    0x080029fa   0x000000ba   Code   RO          660    .text               mf_w.l(depilogue.o)
    0x08002ab4   0x00000020   Code   RO          586    i.__0printf         mc_w.l(printfa.o)
    0x08002ad4   0x0000000e   Code   RO          664    i.__scatterload_copy  mc_w.l(handlers.o)
    0x08002ae2   0x00000002   Code   RO          665    i.__scatterload_null  mc_w.l(handlers.o)
    0x08002ae4   0x0000000e   Code   RO          666    i.__scatterload_zeroinit  mc_w.l(handlers.o)
    0x08002af2   0x00000002   PAD
    0x08002af4   0x00000164   Code   RO          593    i._fp_digits        mc_w.l(printfa.o)
    0x08002c58   0x000006dc   Code   RO          594    i._printf_core      mc_w.l(printfa.o)
    0x08003334   0x00000024   Code   RO          595    i._printf_post_padding  mc_w.l(printfa.o)
    0x08003358   0x0000002e   Code   RO          596    i._printf_pre_padding  mc_w.l(printfa.o)
    0x08003386   0x00000014   Data   RO           81    .constdata          stm32f10x_rcc.o
    0x0800339a   0x00000002   PAD
    0x0800339c   0x00000020   Data   RO          662    Region$$Table       anon$$obj.o


    Execution Region RW_IRAM1 (Base: 0x20000000, Size: 0x00004738, Max: 0x00005000, ABSOLUTE)

    Base Addr    Size         Type   Attr      Idx    E Section Name        Object

    0x20000000   0x00000008   Data   RW          151    .data               main.o
    0x20000008   0x00000004   Data   RW          203    .data               setup.o
    0x2000000c   0x00000018   Data   RW          227    .data               heap_2.o
    0x20000024   0x00000004   Data   RW          260    .data               port.o
    0x20000028   0x00000038   Data   RW          299    .data               tasks.o
    0x20000060   0x00000008   Data   RW          326    .data               serial.o
    0x20000068   0x00000004   Data   RW          634    .data               mc_w.l(stdout.o)
    0x2000006c   0x00000004   PAD
    0x20000070   0x00004400   Zero   RW          226    .bss                heap_2.o
    0x20004470   0x000000c8   Zero   RW          298    .bss                tasks.o
    0x20004538   0x00000200   Zero   RW            1    STACK               stm32f10x.o


==============================================================================

Image component sizes


      Code (inc. data)   RO Data    RW Data    ZI Data      Debug   Object Name

       110          0          0          0          0        432   cortexm3_macro_rvds.o
       280         22          0         24      17408       5008   heap_2.o
       148          0          0          0          0       1889   list.o
       164         44          0          8          0       7510   main.o
       316         26          0          4          0       2609   port.o
      1106          0          0          0          0       7037   queue.o
       468         16          0          8          0       2615   serial.o
       232         38          0          4          0       4211   setup.o
        28          4        236          0        512        840   stm32f10x.o
       736         16          0          0          0      28043   stm32f10x_gpio.o
         0          0          0          0          0      11240   stm32f10x_lib.o
       992         30          0          0          0       7352   stm32f10x_nvic.o
       892         38         20          0          0       8542   stm32f10x_rcc.o
       196          0          0          0          0       1653   stm32f10x_systick.o
       804         10          0          0          0       7321   stm32f10x_usart.o
      2480        188          0         56        200      11682   tasks.o

    ----------------------------------------------------------------------
      8956        432        290        104      18120     107984   Object Totals
         0          0         32          0          0          0   (incl. Generated)
         4          0          2          0          0          0   (incl. Padding)

    ----------------------------------------------------------------------

      Code (inc. data)   RO Data    RW Data    ZI Data      Debug   Library Member Name

         0          0          0          0          0          0   entry.o
         0          0          0          0          0          0   entry10a.o
         0          0          0          0          0          0   entry11a.o
         8          4          0          0          0          0   entry2.o
         4          0          0          0          0          0   entry5.o
         0          0          0          0          0          0   entry7b.o
         0          0          0          0          0          0   entry8b.o
         8          4          0          0          0          0   entry9a.o
        30          0          0          0          0          0   handlers.o
        36          8          0          0          0         68   init.o
         0          0          0          0          0          0   iusefp.o
        30          0          0          0          0         68   llshl.o
        36          0          0          0          0         68   llsshr.o
        32          0          0          0          0         68   llushr.o
        36          0          0          0          0         68   memcpya.o
        36          0          0          0          0        108   memseta.o
      2226         90          0          0          0        444   printfa.o
         0          0          0          4          0          0   stdout.o
        24          0          0          0          0         76   strncpy.o
        44          0          0          0          0         80   uidiv.o
        98          0          0          0          0         92   uldiv.o
        48          0          0          0          0         68   cdrcmple.o
       334          0          0          0          0        148   dadd.o
       222          0          0          0          0        100   ddiv.o
       186          0          0          0          0        176   depilogue.o
        48          0          0          0          0         68   dfixul.o
       228          0          0          0          0         96   dmul.o
        38          0          0          0          0         68   f2d.o
       124          0          0          0          0         88   fdiv.o
       110          0          0          0          0        168   fepilogue.o
        10          0          0          0          0         68   ffltui.o

    ----------------------------------------------------------------------
      3998        106          0          4          4       2188   Library Totals
         2          0          0          0          4          0   (incl. Padding)

    ----------------------------------------------------------------------

      Code (inc. data)   RO Data    RW Data    ZI Data      Debug   Library Name

      2648        106          0          4          0       1140   mc_w.l
      1348          0          0          0          0       1048   mf_w.l

    ----------------------------------------------------------------------
      3998        106          0          4          4       2188   Library Totals

    ----------------------------------------------------------------------

==============================================================================


      Code (inc. data)   RO Data    RW Data    ZI Data      Debug   

     12954        538        290        108      18124     107464   Grand Totals
     12954        538        290        108      18124     107464   ELF Image Totals
     12954        538        290        108          0          0   ROM Totals

==============================================================================

    Total RO  Size (Code + RO Data)                13244 (  12.93kB)
    Total RW  Size (RW Data + ZI Data)             18232 (  17.80kB)
    Total ROM Size (Code + RO Data + RW Data)      13352 (  13.04kB)

==============================================================================

