<html>
<body>
<pre>
<h1>µVision Build Log</h1>
<h2>Project:</h2>
Z:\tmp\lab_env\lab_env.uvproj
Project File Date:  01/18/2012

<h2>Output:</h2>
Build target 'Target 1'
compiling main.c...
linking...
Program Size: Code=9680 RO-data=288 RW-data=100 ZI-data=18124  
"stm32_exec.axf" - 0 Error(s), 0 Warning(s).
Clean started: Project: 'lab_env'
   deleting intermediate output files for target 'Target 1'
Build target 'Target 1'
assembling STM32F10x.s...
compiling stm32f10x_gpio.c...
compiling stm32f10x_lib.c...
compiling stm32f10x_nvic.c...
compiling stm32f10x_rcc.c...
compiling stm32f10x_spi.c...
compiling stm32f10x_systick.c...
compiling stm32f10x_tim.c...
compiling stm32f10x_usart.c...
assembling cortexm3_macro_rvds.s...
compiling main.c...
compiling setup.c...
compiling heap_2.c...
compiling list.c...
compiling port.c...
compiling queue.c...
compiling tasks.c...
compiling serial.c...
linking...
Program Size: Code=9680 RO-data=288 RW-data=100 ZI-data=18124  
"stm32_exec.axf" - 0 Error(s), 0 Warning(s).
Clean started: Project: 'lab_env'
   deleting intermediate output files for target 'Target 1'
